de A1 · core: 30/30 ✓
de A1 · daily life: 25/25 ✓
de A1 · food & drink: 25/25 ✓
de A1 · home & living: 25/25 ✓
de A1 · work & study: 25/25 ✓
de A1 · travel & transport: 25/25 ✓
de A1 · health & body: 25/25 ✓
de A1 · people & relationships: 25/25 ✓
de A1 · shopping & money: 25/25 ✓
de A1 · nature & weather: 25/25 ✓
de A1 · leisure & culture: 25/25 ✓
de A2 · core: 30/30 ✓
de A2 · daily life: 35/35 ✓
de A2 · food & drink: 35/35 ✓
de A2 · home & living: 35/35 ✓
de A2 · work & study: 35/35 ✓
de A2 · travel & transport: 35/35 ✓
de A2 · health & body: 35/35 ✓
de A2 · people & relationships: 35/35 ✓
de A2 · shopping & money: 35/35 ✓
de A2 · nature & weather: 35/35 ✓
de A2 · leisure & culture: 35/35 ✓
de B1 · daily life: 50/50 ✓
de B1 · food & drink: 50/50 ✓
de B1 · home & living: 50/50 ✓
de B1 · work & study: 50/50 ✓
de B1 · travel & transport: 50/50 ✓
de B1 · health & body: 50/50 ✓
de B1 · people & relationships: 50/50 ✓
de B1 · shopping & money: 39/50 → generating ... +0
de B1 · shopping & money: 39/50 → generating ... 