es A1 · core: 25/30 → generating ... +5
es A1 · core: 30/30 ✓
es A1 · daily life: 0/25 → generating ... +15
es A1 · daily life: 15/25 → generating ... +10
es A1 · daily life: 25/25 ✓
es A1 · food & drink: 0/25 → generating ... +15
es A1 · food & drink: 15/25 → generating ... +10
es A1 · food & drink: 25/25 ✓
es A1 · home & living: 0/25 → generating ... +15
es A1 · home & living: 15/25 → generating ... +10
es A1 · home & living: 25/25 ✓
es A1 · work & study: 0/25 → generating ... +15
es A1 · work & study: 15/25 → generating ... +10
es A1 · work & study: 25/25 ✓
es A1 · travel & transport: 0/25 → generating ... +15
es A1 · travel & transport: 15/25 → generating ... +10
es A1 · travel & transport: 25/25 ✓
es A1 · health & body: 0/25 → generating ... +15
es A1 · health & body: 15/25 → generating ... +10
es A1 · health & body: 25/25 ✓
es A1 · people & relationships: 0/25 → generating ... +15
es A1 · people & relationships: 15/25 → generating ... +10
es A1 · people & relationships: 25/25 ✓
es A1 · shopping & money: 0/25 → generating ... +15
es A1 · shopping & money: 15/25 → generating ... +10
es A1 · shopping & money: 25/25 ✓
es A1 · nature & weather: 0/25 → generating ... +15
es A1 · nature & weather: 15/25 → generating ... +10
es A1 · nature & weather: 25/25 ✓
es A1 · leisure & culture: 0/25 → generating ... +15
es A1 · leisure & culture: 15/25 → generating ... +10
es A1 · leisure & culture: 25/25 ✓
es A2 · core: 11/30 → generating ... +7
es A2 · core: 18/30 → generating ... +8
es A2 · core: 26/30 → generating ... +4
es A2 · core: 30/30 ✓
es A2 · daily life: 0/35 → generating ... +6
es A2 · daily life: 6/35 → generating ... +6
es A2 · daily life: 12/35 → generating ... +14
es A2 · daily life: 26/35 → generating ... +8
es A2 · daily life: 34/35 → generating ... +1
es A2 · daily life: 35/35 ✓
es A2 · food & drink: 0/35 → generating ... +15
es A2 · food & drink: 15/35 → generating ... +15
es A2 · food & drink: 30/35 → generating ... +5
es A2 · food & drink: 35/35 ✓
es A2 · home & living: 0/35 → generating ... +15
es A2 · home & living: 15/35 → generating ... +15
es A2 · home & living: 30/35 → generating ... +5
es A2 · home & living: 35/35 ✓
es A2 · work & study: 0/35 → generating ... +11
es A2 · work & study: 11/35 → generating ... +15
es A2 · work & study: 25/35 → generating ... +10
es A2 · work & study: 35/35 ✓
es A2 · travel & transport: 0/35 → generating ... +3
es A2 · travel & transport: 3/35 → generating ... +15
es A2 · travel & transport: 18/35 → generating ... +15
es A2 · travel & transport: 33/35 → generating ... +2
es A2 · travel & transport: 35/35 ✓
es A2 · health & body: 0/35 → generating ... +3
es A2 · health & body: 3/35 → generating ... +12
es A2 · health & body: 15/35 → generating ... +14
es A2 · health & body: 29/35 → generating ... +6
es A2 · health & body: 35/35 ✓
es A2 · people & relationships: 0/35 → generating ... +2
es A2 · people & relationships: 2/35 → generating ... +15
es A2 · people & relationships: 17/35 → generating ... +15
es A2 · people & relationships: 32/35 → generating ... +3
es A2 · people & relationships: 35/35 ✓
es A2 · shopping & money: 0/35 → generating ... +5
es A2 · shopping & money: 5/35 → generating ... +13
es A2 · shopping & money: 18/35 → generating ... +12
es A2 · shopping & money: 30/35 → generating ... +0
es A2 · shopping & money: 30/35 → generating ... +5
es A2 · shopping & money: 35/35 ✓
es A2 · nature & weather: 0/35 → generating ... +4
es A2 · nature & weather: 4/35 → generating ... +10
es A2 · nature & weather: 14/35 → generating ... +0
es A2 · nature & weather: 14/35 → generating ... +15
es A2 · nature & weather: 29/35 → generating ... +0
es A2 · nature & weather: 29/35 → generating ... +1
es A2 · nature & weather: 30/35 → generating ... +1
es A2 · nature & weather: 31/35 → generating ... +0
es A2 · nature & weather: 31/35 → generating ... +1
es A2 · nature & weather: 32/35 → generating ... +1
es A2 · nature & weather: 33/35 → generating ... +0
es A2 · nature & weather: 33/35 → generating ... +0
  (no fresh words left for this cell — moving on)
es A2 · nature & weather: 33/35 ✓
es A2 · leisure & culture: 0/35 → generating ... +3
es A2 · leisure & culture: 3/35 → generating ... +10
es A2 · leisure & culture: 13/35 → generating ... +15
es A2 · leisure & culture: 28/35 → generating ... +0
es A2 · leisure & culture: 28/35 → generating ... +7
es A2 · leisure & culture: 35/35 ✓
es B1 · daily life: 0/50 → generating ... +15
es B1 · daily life: 15/50 → generating ... +15
es B1 · daily life: 30/50 → generating ... +15
es B1 · daily life: 45/50 → generating ... +5
es B1 · daily life: 50/50 ✓
es B1 · food & drink: 0/50 → generating ... +8
es B1 · food & drink: 8/50 → generating ... +2
es B1 · food & drink: 10/50 → generating ... +8
es B1 · food & drink: 18/50 → generating ... +13
es B1 · food & drink: 31/50 → generating ... +14
es B1 · food & drink: 45/50 → generating ... +5
es B1 · food & drink: 50/50 ✓
es B1 · home & living: 0/50 → generating ... +9
es B1 · home & living: 9/50 → generating ... +9
es B1 · home & living: 18/50 → generating ... +10
es B1 · home & living: 28/50 → generating ... +15
es B1 · home & living: 43/50 → generating ... +7
es B1 · home & living: 50/50 ✓
es B1 · work & study: 0/50 → generating ... +5
es B1 · work & study: 5/50 → generating ... +13
es B1 · work & study: 18/50 → generating ... +10
es B1 · work & study: 28/50 → generating ... +15
es B1 · work & study: 43/50 → generating ... +7
es B1 · work & study: 50/50 ✓
es B1 · travel & transport: 0/50 → generating ... +9
es B1 · travel & transport: 9/50 → generating ... +9
es B1 · travel & transport: 18/50 → generating ... +5
es B1 · travel & transport: 23/50 → generating ... +12
es B1 · travel & transport: 35/50 → generating ... +0
es B1 · travel & transport: 35/50 → generating ... +11
es B1 · travel & transport: 46/50 → generating ... +3
es B1 · travel & transport: 49/50 → generating ... +1
es B1 · travel & transport: 50/50 ✓
es B1 · health & body: 0/50 → generating ... +2
es B1 · health & body: 2/50 → generating ... +8
es B1 · health & body: 10/50 → generating ... +7
es B1 · health & body: 17/50 → generating ... +7
es B1 · health & body: 24/50 → generating ... +13
es B1 · health & body: 37/50 → generating ... +1
es B1 · health & body: 38/50 → generating ... +0
es B1 · health & body: 38/50 → generating ... +12
es B1 · health & body: 50/50 ✓
es B1 · people & relationships: 0/50 → generating ... +9
es B1 · people & relationships: 9/50 → generating ... +13
es B1 · people & relationships: 22/50 → generating ... +15
es B1 · people & relationships: 37/50 → generating ... +10
es B1 · people & relationships: 47/50 → generating ... +3
es B1 · people & relationships: 50/50 ✓
es B1 · shopping & money: 0/50 → generating ... +2
es B1 · shopping & money: 2/50 → generating ... +4
es B1 · shopping & money: 6/50 → generating ... +5
es B1 · shopping & money: 11/50 → generating ... +0
es B1 · shopping & money: 11/50 → generating ... +14
es B1 · shopping & money: 25/50 → generating ... +14
es B1 · shopping & money: 39/50 → generating ... +3
es B1 · shopping & money: 42/50 → generating ... +1
es B1 · shopping & money: 43/50 → generating ... +2
es B1 · shopping & money: 45/50 → generating ... +1
es B1 · shopping & money: 46/50 → generating ... +4
es B1 · shopping & money: 50/50 ✓
es B1 · nature & weather: 0/50 → generating ... +3
es B1 · nature & weather: 3/50 → generating ... +3
es B1 · nature & weather: 6/50 → generating ... +7
es B1 · nature & weather: 13/50 → generating ... +11
es B1 · nature & weather: 24/50 → generating ... +0
es B1 · nature & weather: 24/50 → generating ... +3
es B1 · nature & weather: 27/50 → generating ... +8
es B1 · nature & weather: 35/50 → generating ... +9
es B1 · nature & weather: 44/50 → generating ... +1
es B1 · nature & weather: 45/50 → generating ... +0
es B1 · nature & weather: 45/50 → generating ... +0
  (no fresh words left for this cell — moving on)
es B1 · nature & weather: 45/50 ✓
es B1 · leisure & culture: 0/50 → generating ... +14
es B1 · leisure & culture: 14/50 → generating ... +0
es B1 · leisure & culture: 14/50 → generating ... +7
es B1 · leisure & culture: 21/50 → generating ... +1
es B1 · leisure & culture: 22/50 → generating ... +12
es B1 · leisure & culture: 34/50 → generating ... +6
es B1 · leisure & culture: 40/50 → generating ... +0
es B1 · leisure & culture: 40/50 → generating ... +5
es B1 · leisure & culture: 45/50 → generating ... +0
es B1 · leisure & culture: 45/50 → generating ... +0
  (no fresh words left for this cell — moving on)
es B1 · leisure & culture: 45/50 ✓
es B2 · daily life: 0/75 → generating ... +14
es B2 · daily life: 14/75 → generating ... +15
es B2 · daily life: 29/75 → generating ... +14
es B2 · daily life: 43/75 → generating ... +15
es B2 · daily life: 58/75 → generating ... +11
es B2 · daily life: 69/75 → generating ... +0
es B2 · daily life: 69/75 → generating ... +3
es B2 · daily life: 72/75 → generating ... +3
es B2 · daily life: 75/75 ✓
es B2 · food & drink: 0/75 → generating ... +7
es B2 · food & drink: 7/75 → generating ... +15
es B2 · food & drink: 22/75 → generating ... +15
es B2 · food & drink: 37/75 → generating ... +3
es B2 · food & drink: 40/75 → generating ... +0
es B2 · food & drink: 40/75 → generating ... +15
es B2 · food & drink: 55/75 → generating ... +0
es B2 · food & drink: 55/75 → generating ... +15
es B2 · food & drink: 70/75 → generating ... +0
es B2 · food & drink: 70/75 → generating ... +0
  (no fresh words left for this cell — moving on)
es B2 · food & drink: 70/75 ✓
es B2 · home & living: 0/75 → generating ... +15
es B2 · home & living: 15/75 → generating ... +13
es B2 · home & living: 28/75 → generating ... +0
es B2 · home & living: 28/75 → generating ... +15
es B2 · home & living: 43/75 → generating ... +7
es B2 · home & living: 50/75 → generating ... +9
es B2 · home & living: 59/75 → generating ... +0
es B2 · home & living: 59/75 → generating ... +0
  (no fresh words left for this cell — moving on)
es B2 · home & living: 59/75 ✓
es B2 · work & study: 0/75 → generating ... +11
es B2 · work & study: 11/75 → generating ... +10
es B2 · work & study: 21/75 → generating ... +9
es B2 · work & study: 30/75 → generating ... +3
es B2 · work & study: 33/75 → generating ... +11
es B2 · work & study: 44/75 → generating ... +0
es B2 · work & study: 44/75 → generating ... +15
es B2 · work & study: 59/75 → generating ... +0
es B2 · work & study: 59/75 → generating ... +0
  (no fresh words left for this cell — moving on)
es B2 · work & study: 59/75 ✓
es B2 · travel & transport: 0/75 → generating ... +2
es B2 · travel & transport: 2/75 → generating ... +6
es B2 · travel & transport: 8/75 → generating ... +3
es B2 · travel & transport: 11/75 → generating ... +0
es B2 · travel & transport: 11/75 → generating ... +0
  (no fresh words left for this cell — moving on)
es B2 · travel & transport: 11/75 ✓
es B2 · health & body: 0/75 → generating ... +9
es A1 · core: 30/30 ✓
es A1 · daily life: 25/25 ✓
es A1 · food & drink: 25/25 ✓
es A1 · home & living: 25/25 ✓
es A1 · work & study: 25/25 ✓
es A1 · travel & transport: 25/25 ✓
es A1 · health & body: 25/25 ✓
es A1 · people & relationships: 25/25 ✓
es A1 · shopping & money: 25/25 ✓
es A1 · nature & weather: 25/25 ✓
es A1 · leisure & culture: 25/25 ✓
es A2 · core: 30/30 ✓
es A2 · daily life: 35/35 ✓
es A2 · food & drink: 35/35 ✓
es A2 · home & living: 35/35 ✓
es A2 · work & study: 35/35 ✓
es A2 · travel & transport: 35/35 ✓
es A2 · health & body: 35/35 ✓
es A2 · people & relationships: 35/35 ✓
es A2 · shopping & money: 35/35 ✓
es A2 · nature & weather: 33/35 → generating ... +0
es A2 · nature & weather: 33/35 → generating ... +1
es A2 · nature & weather: 34/35 → generating ... +0
es A2 · nature & weather: 34/35 → generating ... +0
  (no fresh words left for this cell — moving on)
es A2 · nature & weather: 34/35 ✓
es A2 · leisure & culture: 35/35 ✓
es B1 · daily life: 50/50 ✓
es B1 · food & drink: 50/50 ✓
es B1 · home & living: 50/50 ✓
es B1 · work & study: 50/50 ✓
es B1 · travel & transport: 50/50 ✓
es B1 · health & body: 50/50 ✓
es B1 · people & relationships: 50/50 ✓
es B1 · shopping & money: 50/50 ✓
es B1 · nature & weather: 45/50 → generating ... +1
es B1 · nature & weather: 46/50 → generating ... +1
es B1 · nature & weather: 47/50 → generating ... +1
es B1 · nature & weather: 48/50 → generating ... +0
es B1 · nature & weather: 48/50 → generating ... +2
es B1 · nature & weather: 50/50 ✓
es B1 · leisure & culture: 45/50 → generating ... +5
es B1 · leisure & culture: 50/50 ✓
es B2 · daily life: 75/75 ✓
es B2 · food & drink: 70/75 → generating ... +0
es B2 · food & drink: 70/75 → generating ... +3
es B2 · food & drink: 73/75 → generating ... +0
es B2 · food & drink: 73/75 → generating ... +2
es B2 · food & drink: 75/75 ✓
es B2 · home & living: 59/75 → generating ... +1
es B2 · home & living: 60/75 → generating ... +0
es B2 · home & living: 60/75 → generating ... +0
  (no fresh words left for this cell — moving on)
es B2 · home & living: 60/75 ✓
es B2 · work & study: 59/75 → generating ... +3
es B2 · work & study: 62/75 → generating ... +0
es B2 · work & study: 62/75 → generating ... +4
es B2 · work & study: 66/75 → generating ... +1
es B2 · work & study: 67/75 → generating ... +7
es B2 · work & study: 74/75 → generating ... +0
es B2 · work & study: 74/75 → generating ... +0
  (no fresh words left for this cell — moving on)
es B2 · work & study: 74/75 ✓
es B2 · travel & transport: 11/75 → generating ... +3
es B2 · travel & transport: 14/75 → generating ... +6
es B2 · travel & transport: 20/75 → generating ... +0
es B2 · travel & transport: 20/75 → generating ... +2
es B2 · travel & transport: 22/75 → generating ... +2
es B2 · travel & transport: 24/75 → generating ... +0
es B2 · travel & transport: 24/75 → generating ... +9
es B2 · travel & transport: 33/75 → generating ... +6
es B2 · travel & transport: 39/75 → generating ... +4
es B2 · travel & transport: 43/75 → generating ... +0
es B2 · travel & transport: 43/75 → generating ... +0
  (no fresh words left for this cell — moving on)
es B2 · travel & transport: 43/75 ✓
es B2 · health & body: 9/75 → generating ... +8
es B2 · health & body: 16/75 → generating ... +1
es B2 · health & body: 17/75 → generating ... +3
es B2 · health & body: 20/75 → generating ... +8
es B2 · health & body: 28/75 → generating ... +4
es B2 · health & body: 32/75 → generating ... +4
es B2 · health & body: 36/75 → generating ... +8
es B2 · health & body: 44/75 → generating ... +1
es B2 · health & body: 45/75 → generating ... +12
es B2 · health & body: 57/75 → generating ... +0
es B2 · health & body: 57/75 → generating ... +0
  (no fresh words left for this cell — moving on)
es B2 · health & body: 57/75 ✓
es B2 · people & relationships: 0/75 → generating ... +13
es B2 · people & relationships: 13/75 → generating ... +3
es B2 · people & relationships: 16/75 → generating ... +0
es B2 · people & relationships: 16/75 → generating ... +5
es B2 · people & relationships: 21/75 → generating ... +11
es B2 · people & relationships: 32/75 → generating ... +3
es B2 · people & relationships: 35/75 → generating ... +11
es B2 · people & relationships: 46/75 → generating ... +3
es B2 · people & relationships: 49/75 → generating ... +14
es B2 · people & relationships: 63/75 → generating ... +1
es B2 · people & relationships: 64/75 → generating ... +0
es B2 · people & relationships: 64/75 → generating ... +0
  (no fresh words left for this cell — moving on)
es B2 · people & relationships: 64/75 ✓
es B2 · shopping & money: 0/75 → generating ... +4
es B2 · shopping & money: 4/75 → generating ... +7
es B2 · shopping & money: 11/75 → generating ... +11
es B2 · shopping & money: 22/75 → generating ... +1
es B2 · shopping & money: 23/75 → generating ... +14
es B2 · shopping & money: 37/75 → generating ... +1
es B2 · shopping & money: 38/75 → generating ... +0
es B2 · shopping & money: 38/75 → generating ... +0
  (no fresh words left for this cell — moving on)
es B2 · shopping & money: 38/75 ✓
es B2 · nature & weather: 0/75 → generating ... +11
es B2 · nature & weather: 11/75 → generating ... +9
es B2 · nature & weather: 20/75 → generating ... +0
es B2 · nature & weather: 20/75 → generating ... +8
es B2 · nature & weather: 28/75 → generating ... +0
es B2 · nature & weather: 28/75 → generating ... +10
es B2 · nature & weather: 38/75 → generating ... +2
es B2 · nature & weather: 40/75 → generating ... +0
es B2 · nature & weather: 40/75 → generating ... +0
  (no fresh words left for this cell — moving on)
es B2 · nature & weather: 40/75 ✓
es B2 · leisure & culture: 0/75 → generating ... +7
es B2 · leisure & culture: 7/75 → generating ... +13
es B2 · leisure & culture: 20/75 → generating ... +0
es B2 · leisure & culture: 20/75 → generating ... +14
es B2 · leisure & culture: 34/75 → generating ... +0
es B2 · leisure & culture: 34/75 → generating ... +0
  (no fresh words left for this cell — moving on)
es B2 · leisure & culture: 34/75 ✓
es C1 · daily life: 0/100 → generating ... +13
es C1 · daily life: 13/100 → generating ... +11
es C1 · daily life: 24/100 → generating ... +12
es C1 · daily life: 36/100 → generating ... +15
es C1 · daily life: 51/100 → generating ... +0
es C1 · daily life: 51/100 → generating ... +15
es C1 · daily life: 66/100 → generating ... +7
es C1 · daily life: 73/100 → generating ... +9
es C1 · daily life: 82/100 → generating ... +9
es C1 · daily life: 91/100 → generating ... +2
es C1 · daily life: 93/100 → generating ... +2
es C1 · daily life: 95/100 → generating ... +5
es C1 · daily life: 100/100 ✓
es C1 · food & drink: 0/100 → generating ... +9
es C1 · food & drink: 9/100 → generating ... +6
es C1 · food & drink: 15/100 → generating ... +13
es C1 · food & drink: 28/100 → generating ... +1
es C1 · food & drink: 29/100 → generating ... +7
es C1 · food & drink: 36/100 → generating ... +2
es C1 · food & drink: 38/100 → generating ... +10
es C1 · food & drink: 48/100 → generating ... +14
es C1 · food & drink: 62/100 → generating ... +0
es C1 · food & drink: 62/100 → generating ... +7
es C1 · food & drink: 69/100 → generating ... +0
es C1 · food & drink: 69/100 → generating ... +1
es C1 · food & drink: 70/100 → generating ... +2
es C1 · food & drink: 72/100 → generating ... +2
es C1 · food & drink: 74/100 → generating ... +2
es C1 · food & drink: 76/100 → generating ... +1
es C1 · food & drink: 77/100 → generating ... +3
es C1 · food & drink: 80/100 → generating ... +0
es C1 · food & drink: 80/100 → generating ... +0
  (no fresh words left for this cell — moving on)
es C1 · food & drink: 80/100 ✓
es C1 · home & living: 0/100 → generating ... +8
es C1 · home & living: 8/100 → generating ... +10
es C1 · home & living: 18/100 → generating ... +7
es C1 · home & living: 25/100 → generating ... +1
es C1 · home & living: 26/100 → generating ... +6
es C1 · home & living: 32/100 → generating ... +1
es C1 · home & living: 33/100 → generating ... +2
es C1 · home & living: 35/100 → generating ... +2
es C1 · home & living: 37/100 → generating ... +1
es C1 · home & living: 38/100 → generating ... +1
es C1 · home & living: 39/100 → generating ... +0
es C1 · home & living: 39/100 → generating ... +0
  (no fresh words left for this cell — moving on)
es C1 · home & living: 39/100 ✓
es C1 · work & study: 0/100 → generating ... +5
es C1 · work & study: 5/100 → generating ... +9
es C1 · work & study: 14/100 → generating ... +3
es C1 · work & study: 17/100 → generating ... +12
es C1 · work & study: 29/100 → generating ... +7
es C1 · work & study: 36/100 → generating ... +9
es C1 · work & study: 45/100 → generating ... +0
es C1 · work & study: 45/100 → generating ... +1
es C1 · work & study: 46/100 → generating ... +0
es C1 · work & study: 46/100 → generating ... +0
  (no fresh words left for this cell — moving on)
es C1 · work & study: 46/100 ✓
es C1 · travel & transport: 0/100 → generating ... +9
es C1 · travel & transport: 9/100 → generating ... +10
es C1 · travel & transport: 19/100 → generating ... +1
es C1 · travel & transport: 20/100 → generating ... +0
es C1 · travel & transport: 20/100 → generating ... +1
es C1 · travel & transport: 21/100 → generating ... +11
es C1 · travel & transport: 32/100 → generating ... +4
es C1 · travel & transport: 36/100 → generating ... +0
es C1 · travel & transport: 36/100 → generating ... +0
  (no fresh words left for this cell — moving on)
es C1 · travel & transport: 36/100 ✓
es C1 · health & body: 0/100 → generating ... +8
es C1 · health & body: 8/100 → generating ... +12
es C1 · health & body: 20/100 → generating ... +0
es C1 · health & body: 20/100 → generating ... +0
  (no fresh words left for this cell — moving on)
es C1 · health & body: 20/100 ✓
es C1 · people & relationships: 0/100 → generating ... +7
es C1 · people & relationships: 7/100 → generating ... +3
es C1 · people & relationships: 10/100 → generating ... +0
es C1 · people & relationships: 10/100 → generating ... +10
es C1 · people & relationships: 20/100 → generating ... +0
es C1 · people & relationships: 20/100 → generating ... +1
es C1 · people & relationships: 21/100 → generating ... +0
es C1 · people & relationships: 21/100 → generating ... +0
  (no fresh words left for this cell — moving on)
es C1 · people & relationships: 21/100 ✓
es C1 · shopping & money: 0/100 → generating ... +11
es C1 · shopping & money: 11/100 → generating ... +7
es C1 · shopping & money: 18/100 → generating ... +4
es C1 · shopping & money: 22/100 → generating ... +2
es C1 · shopping & money: 24/100 → generating ... +6
es C1 · shopping & money: 30/100 → generating ... +0
es C1 · shopping & money: 30/100 → generating ... +0
  (no fresh words left for this cell — moving on)
es C1 · shopping & money: 30/100 ✓
es C1 · nature & weather: 0/100 → generating ... +11
es C1 · nature & weather: 11/100 → generating ... +5
es C1 · nature & weather: 16/100 → generating ... +0
es C1 · nature & weather: 16/100 → generating ... +11
es C1 · nature & weather: 27/100 → generating ... +6
es C1 · nature & weather: 33/100 → generating ... +0
es C1 · nature & weather: 33/100 → generating ... +0
  (no fresh words left for this cell — moving on)
es C1 · nature & weather: 33/100 ✓
es C1 · leisure & culture: 0/100 → generating ... +10
es C1 · leisure & culture: 10/100 → generating ... +8
es C1 · leisure & culture: 18/100 → generating ... +13
es C1 · leisure & culture: 31/100 → generating ... +9
es C1 · leisure & culture: 40/100 → generating ... +1
es C1 · leisure & culture: 41/100 → generating ... +15
es C1 · leisure & culture: 55/100 → generating ... +4
es C1 · leisure & culture: 59/100 → generating ... +0
es C1 · leisure & culture: 59/100 → generating ... +0
  (no fresh words left for this cell — moving on)
es C1 · leisure & culture: 59/100 ✓
done — 178 generation calls.
