zh A1 · core: 30/30 ✓
zh A1 · daily life: 25/25 ✓
zh A1 · food & drink: 25/25 ✓
zh A1 · home & living: 25/25 ✓
zh A1 · work & study: 25/25 ✓
zh A1 · travel & transport: 25/25 ✓
zh A1 · health & body: 25/25 ✓
zh A1 · people & relationships: 25/25 ✓
zh A1 · shopping & money: 25/25 ✓
zh A1 · nature & weather: 25/25 ✓
zh A1 · leisure & culture: 25/25 ✓
zh A2 · core: 30/30 ✓
zh A2 · daily life: 35/35 ✓
zh A2 · food & drink: 35/35 ✓
zh A2 · home & living: 35/35 ✓
zh A2 · work & study: 35/35 ✓
zh A2 · travel & transport: 35/35 ✓
zh A2 · health & body: 35/35 ✓
zh A2 · people & relationships: 35/35 ✓
zh A2 · shopping & money: 35/35 ✓
zh A2 · nature & weather: 35/35 ✓
zh A2 · leisure & culture: 30/35 → generating ... +0
zh A2 · leisure & culture: 30/35 → generating ... +2
zh A2 · leisure & culture: 32/35 → generating ... +1
zh A2 · leisure & culture: 33/35 → generating ... +0
zh A2 · leisure & culture: 33/35 → generating ... +2
zh A2 · leisure & culture: 35/35 ✓
zh B1 · daily life: 50/50 ✓
zh B1 · food & drink: 50/50 ✓
zh B1 · home & living: 50/50 ✓
zh B1 · work & study: 50/50 ✓
zh B1 · travel & transport: 50/50 ✓
zh B1 · health & body: 50/50 ✓
zh B1 · people & relationships: 47/50 → generating ... +3
zh B1 · people & relationships: 50/50 ✓
zh B1 · shopping & money: 47/50 → generating ... +1
zh B1 · shopping & money: 48/50 → generating ... +0
zh B1 · shopping & money: 48/50 → generating ... +0
  (no fresh words left for this cell — moving on)
zh B1 · shopping & money: 48/50 ✓
zh B1 · nature & weather: 7/50 → generating ... +6
zh B1 · nature & weather: 13/50 → generating ... +14
zh B1 · nature & weather: 27/50 → generating ... +14
zh B1 · nature & weather: 41/50 → generating ... +9
zh B1 · nature & weather: 50/50 ✓
zh B1 · leisure & culture: 0/50 → generating ... +5
zh B1 · leisure & culture: 5/50 → generating ... +5
zh B1 · leisure & culture: 10/50 → generating ... +8
zh B1 · leisure & culture: 18/50 → generating ... +1
zh B1 · leisure & culture: 19/50 → generating ... +1
zh B1 · leisure & culture: 20/50 → generating ... +2
zh B1 · leisure & culture: 22/50 → generating ... +5
zh B1 · leisure & culture: 27/50 → generating ... +1
zh B1 · leisure & culture: 28/50 → generating ... +15
zh B1 · leisure & culture: 43/50 → generating ... +0
zh B1 · leisure & culture: 43/50 → generating ... +0
  (no fresh words left for this cell — moving on)
zh B1 · leisure & culture: 43/50 ✓
zh B2 · daily life: 0/75 → generating ... +10
zh B2 · daily life: 10/75 → generating ... +7
zh B2 · daily life: 17/75 → generating ... +4
zh B2 · daily life: 21/75 → generating ... +0
zh B2 · daily life: 21/75 → generating ... +2
zh B2 · daily life: 23/75 → generating ... +6
zh B2 · daily life: 29/75 → generating ... +10
zh B2 · daily life: 39/75 → generating ... +2
zh B2 · daily life: 41/75 → generating ... +0
zh B2 · daily life: 41/75 → generating ... +8
zh B2 · daily life: 49/75 → generating ... +12
zh B2 · daily life: 61/75 → generating ... +0
zh B2 · daily life: 61/75 → generating ... +0
  (no fresh words left for this cell — moving on)
zh B2 · daily life: 61/75 ✓
zh B2 · food & drink: 0/75 → generating ... +9
zh B2 · food & drink: 9/75 → generating ... +10
zh B2 · food & drink: 19/75 → generating ... +12
zh B2 · food & drink: 30/75 → generating ... +15
zh B2 · food & drink: 45/75 → generating ... +0
zh B2 · food & drink: 45/75 → generating ... +1
zh B2 · food & drink: 46/75 → generating ... +14
zh B2 · food & drink: 60/75 → generating ... +0
zh B2 · food & drink: 60/75 → generating ... +3
zh B2 · food & drink: 63/75 → generating ... +5
zh B2 · food & drink: 68/75 → generating ... +5
zh B2 · food & drink: 73/75 → generating ... +2
zh B2 · food & drink: 75/75 ✓
zh B2 · home & living: 0/75 → generating ... +8
zh B2 · home & living: 8/75 → generating ... +15
zh B2 · home & living: 23/75 → generating ... +8
zh B2 · home & living: 31/75 → generating ... +12
zh B2 · home & living: 43/75 → generating ... +0
zh B2 · home & living: 43/75 → generating ... +6
zh B2 · home & living: 49/75 → generating ... +8
zh B2 · home & living: 57/75 → generating ... +13
zh B2 · home & living: 70/75 → generating ... +4
zh B2 · home & living: 74/75 → generating ... +1
zh B2 · home & living: 75/75 ✓
zh B2 · work & study: 0/75 → generating ... +15
zh B2 · work & study: 15/75 → generating ... +15
zh B2 · work & study: 30/75 → generating ... +2
zh B2 · work & study: 32/75 → generating ... +0
zh B2 · work & study: 32/75 → generating ... +8
zh B2 · work & study: 40/75 → generating ... +4
zh B2 · work & study: 44/75 → generating ... +14
zh B2 · work & study: 58/75 → generating ... +7
zh B2 · work & study: 65/75 → generating ... +0
zh B2 · work & study: 65/75 → generating ... +0
  (no fresh words left for this cell — moving on)
zh B2 · work & study: 65/75 ✓
zh B2 · travel & transport: 0/75 → generating ... +8
zh B2 · travel & transport: 8/75 → generating ... +13
zh B2 · travel & transport: 21/75 → generating ... +15
zh B2 · travel & transport: 36/75 → generating ... +15
zh B2 · travel & transport: 51/75 → generating ... +7
zh B2 · travel & transport: 58/75 → generating ... +4
zh B2 · travel & transport: 62/75 → generating ... +13
zh B2 · travel & transport: 75/75 ✓
zh B2 · health & body: 0/75 → generating ... +10
zh B2 · health & body: 10/75 → generating ... +7
zh B2 · health & body: 17/75 → generating ... +0
zh B2 · health & body: 17/75 → generating ... +1
zh B2 · health & body: 18/75 → generating ... +0
zh B2 · health & body: 18/75 → generating ... +0
  (no fresh words left for this cell — moving on)
zh B2 · health & body: 18/75 ✓
zh B2 · people & relationships: 0/75 → generating ... +6
zh B2 · people & relationships: 6/75 → generating ... +1
zh B2 · people & relationships: 7/75 → generating ... +7
zh B2 · people & relationships: 14/75 → generating ... +5
zh B2 · people & relationships: 19/75 → generating ... +0
zh B2 · people & relationships: 19/75 → generating ... +3
zh B2 · people & relationships: 22/75 → generating ... +0
zh B2 · people & relationships: 22/75 → generating ... +1
zh B2 · people & relationships: 23/75 → generating ... +0
zh B2 · people & relationships: 23/75 → generating ... +0
  (no fresh words left for this cell — moving on)
zh B2 · people & relationships: 23/75 ✓
zh B2 · shopping & money: 0/75 → generating ... +11
zh B2 · shopping & money: 11/75 → generating ... +9
zh B2 · shopping & money: 20/75 → generating ... +0
zh B2 · shopping & money: 20/75 → generating ... +15
zh B2 · shopping & money: 35/75 → generating ... +13
zh B2 · shopping & money: 48/75 → generating ... +5
zh B2 · shopping & money: 53/75 → generating ... +0
zh B2 · shopping & money: 53/75 → generating ... +14
zh B2 · shopping & money: 67/75 → generating ... +0
zh B2 · shopping & money: 67/75 → generating ... +0
  (no fresh words left for this cell — moving on)
zh B2 · shopping & money: 67/75 ✓
zh B2 · nature & weather: 0/75 → generating ... +15
zh B2 · nature & weather: 15/75 → generating ... +10
zh B2 · nature & weather: 25/75 → generating ... +0
zh B2 · nature & weather: 25/75 → generating ... +15
zh B2 · nature & weather: 40/75 → generating ... +2
zh B2 · nature & weather: 42/75 → generating ... +0
zh B2 · nature & weather: 42/75 → generating ... +6
zh B2 · nature & weather: 48/75 → generating ... +15
zh B2 · nature & weather: 63/75 → generating ... +0
zh B2 · nature & weather: 63/75 → generating ... +0
  (no fresh words left for this cell — moving on)
zh B2 · nature & weather: 63/75 ✓
zh B2 · leisure & culture: 0/75 → generating ... +12
zh B2 · leisure & culture: 12/75 → generating ... +15
zh B2 · leisure & culture: 27/75 → generating ... +0
zh B2 · leisure & culture: 27/75 → generating ... +15
zh B2 · leisure & culture: 42/75 → generating ... +2
zh B2 · leisure & culture: 44/75 → generating ... +0
zh B2 · leisure & culture: 44/75 → generating ... +10
zh B2 · leisure & culture: 54/75 → generating ... +0
zh B2 · leisure & culture: 54/75 → generating ... 